<?xml version="1.0" encoding="UTF-8"?>
<out>
<Compare>-1</Compare>
<Contains>false</Contains>
<Starts-with>false</Starts-with>
<Ends-with>false</Ends-with>
<Subtring-before/>
<Substring-after/>
<Index-of/>
<Distinct-values>Strasse Straß</Distinct-values>
<Deep-equal>false</Deep-equal>
<Max>ä</Max>
<Min>ä</Min>
</out>