<?xml version="1.0" encoding="UTF-8"?><out>;
	<a1>1. true should be true</a1>;
	<a1>2. false should be false</a1>;
	<a1>3. false should be false</a1>;
	<a1>4. false should be false</a1>;
	<a1>5. false should be false</a1>;
	<a1>6. false should be false</a1>;
	<a1>7. false should be false</a1>;
	<a1>8. false should be false</a1>;
	<a1>9. true should be true</a1>;
	</out>